Token.Comment.Single -> '# predefinedRBody.py'
Token.Text.Whitespace -> '<br>'
Token.Keyword.Namespace -> 'from'
Token.Text -> ' '
Token.Name.Namespace -> 'RTS_WebUIBuilder'
Token.Text -> ' '
Token.Keyword.Namespace -> 'import'
Token.Text -> ' '
Token.Name -> 'RBody'
Token.Text -> ' '
Token.Punctuation -> ','
Token.Text -> ' '
Token.Name -> 'RLabel'
Token.Text.Whitespace -> '<br>'
Token.Text.Whitespace -> '<br>'
Token.Keyword -> 'class'
Token.Text -> ' '
Token.Name.Class -> 'predefinedRBody'
Token.Punctuation -> '('
Token.Name -> 'RBody'
Token.Punctuation -> ')'
Token.Punctuation -> ':'
Token.Text.Whitespace -> '<br>'
Token.Text -> '&nbsp;&nbsp;&nbsp;&nbsp;&nbsp;&nbsp;'
Token.Keyword -> 'def'
Token.Text -> ' '
Token.Name.Function.Magic -> '__init__'
Token.Punctuation -> '('
Token.Name.Builtin.Pseudo -> 'self'
Token.Punctuation -> ')'
Token.Punctuation -> ':'
Token.Text.Whitespace -> '<br>'
Token.Text -> '&nbsp;&nbsp;&nbsp;&nbsp;&nbsp;&nbsp;&nbsp;&nbsp;&nbsp;&nbsp;&nbsp;&nbsp;'
Token.Name.Builtin.Pseudo -> 'self'
Token.Operator -> '.'
Token.Name -> 'box'
Token.Text -> ' '
Token.Operator -> '='
Token.Text -> ' '
Token.Name -> 'RLabel'
Token.Punctuation -> '('
Token.Punctuation -> ')'
Token.Text -> ' '
Token.Text.Whitespace -> '<br>'
Token.Text -> '&nbsp;&nbsp;&nbsp;&nbsp;&nbsp;&nbsp;&nbsp;&nbsp;&nbsp;&nbsp;&nbsp;&nbsp;'
Token.Comment.Single -> '#...'
Token.Text.Whitespace -> '<br>'
Token.Comment.Single -> '# predefinedRBody.py'
Token.Text.Whitespace -> '<br>'
Token.Keyword.Namespace -> 'from'
Token.Text -> ' '
Token.Name.Namespace -> 'RTS_WebUIBuilder'
Token.Text -> ' '
Token.Keyword.Namespace -> 'import'
Token.Text -> ' '
Token.Name -> 'RBody'
Token.Text -> ' '
Token.Punctuation -> ','
Token.Text -> ' '
Token.Name -> 'RLabel'
Token.Text.Whitespace -> '<br>'
Token.Text.Whitespace -> '<br>'
Token.Keyword -> 'class'
Token.Text -> ' '
Token.Name.Class -> 'predefinedRBody'
Token.Punctuation -> '('
Token.Name -> 'RBody'
Token.Punctuation -> ')'
Token.Punctuation -> ':'
Token.Text.Whitespace -> '<br>'
Token.Text -> '&nbsp;&nbsp;&nbsp;&nbsp;&nbsp;&nbsp;'
Token.Keyword -> 'def'
Token.Text -> ' '
Token.Name.Function.Magic -> '__init__'
Token.Punctuation -> '('
Token.Name.Builtin.Pseudo -> 'self'
Token.Punctuation -> ')'
Token.Punctuation -> ':'
Token.Text.Whitespace -> '<br>'
Token.Text -> '&nbsp;&nbsp;&nbsp;&nbsp;&nbsp;&nbsp;&nbsp;&nbsp;&nbsp;&nbsp;&nbsp;&nbsp;'
Token.Name.Builtin.Pseudo -> 'self'
Token.Operator -> '.'
Token.Name -> 'box'
Token.Text -> ' '
Token.Operator -> '='
Token.Text -> ' '
Token.Name -> 'RLabel'
Token.Punctuation -> '('
Token.Punctuation -> ')'
Token.Text -> ' '
Token.Text.Whitespace -> '<br>'
Token.Text -> '&nbsp;&nbsp;&nbsp;&nbsp;&nbsp;&nbsp;&nbsp;&nbsp;&nbsp;&nbsp;&nbsp;&nbsp;'
Token.Comment.Single -> '#...'
Token.Text.Whitespace -> '<br>'
Token.Comment.Single -> '# predefinedRBody.py'
Token.Text.Whitespace -> '<br>'
Token.Keyword.Namespace -> 'from'
Token.Text -> ' '
Token.Name.Namespace -> 'RTS_WebUIBuilder'
Token.Text -> ' '
Token.Keyword.Namespace -> 'import'
Token.Text -> ' '
Token.Name -> 'RBody'
Token.Text -> ' '
Token.Punctuation -> ','
Token.Text -> ' '
Token.Name -> 'RLabel'
Token.Text.Whitespace -> '<br>'
Token.Text.Whitespace -> '<br>'
Token.Keyword -> 'class'
Token.Text -> ' '
Token.Name.Class -> 'predefinedRBody'
Token.Punctuation -> '('
Token.Name -> 'RBody'
Token.Punctuation -> ')'
Token.Punctuation -> ':'
Token.Text.Whitespace -> '<br>'
Token.Text -> '&nbsp;&nbsp;&nbsp;&nbsp;&nbsp;&nbsp;'
Token.Keyword -> 'def'
Token.Text -> ' '
Token.Name.Function.Magic -> '__init__'
Token.Punctuation -> '('
Token.Name.Builtin.Pseudo -> 'self'
Token.Punctuation -> ')'
Token.Punctuation -> ':'
Token.Text.Whitespace -> '<br>'
Token.Text -> '&nbsp;&nbsp;&nbsp;&nbsp;&nbsp;&nbsp;&nbsp;&nbsp;&nbsp;&nbsp;&nbsp;&nbsp;'
Token.Name.Builtin.Pseudo -> 'self'
Token.Operator -> '.'
Token.Name -> 'box'
Token.Text -> ' '
Token.Operator -> '='
Token.Text -> ' '
Token.Name -> 'RLabel'
Token.Punctuation -> '('
Token.Punctuation -> ')'
Token.Text -> ' '
Token.Text.Whitespace -> '<br>'
Token.Text -> '&nbsp;&nbsp;&nbsp;&nbsp;&nbsp;&nbsp;&nbsp;&nbsp;&nbsp;&nbsp;&nbsp;&nbsp;'
Token.Comment.Single -> '#...'
Token.Text.Whitespace -> '<br>'
Token.Comment.Single -> '# predefinedRBody.py'
Token.Text.Whitespace -> '<br>'
Token.Keyword.Namespace -> 'from'
Token.Text -> ' '
Token.Name.Namespace -> 'RTS_WebUIBuilder'
Token.Text -> ' '
Token.Keyword.Namespace -> 'import'
Token.Text -> ' '
Token.Name -> 'RBody'
Token.Text -> ' '
Token.Punctuation -> ','
Token.Text -> ' '
Token.Name -> 'RLabel'
Token.Text.Whitespace -> '<br>'
Token.Text.Whitespace -> '<br>'
Token.Keyword -> 'class'
Token.Text -> ' '
Token.Name.Class -> 'predefinedRBody'
Token.Punctuation -> '('
Token.Name -> 'RBody'
Token.Punctuation -> ')'
Token.Punctuation -> ':'
Token.Text.Whitespace -> '<br>'
Token.Text -> '&nbsp;&nbsp;&nbsp;&nbsp;&nbsp;&nbsp;'
Token.Keyword -> 'def'
Token.Text -> ' '
Token.Name.Function.Magic -> '__init__'
Token.Punctuation -> '('
Token.Name.Builtin.Pseudo -> 'self'
Token.Punctuation -> ')'
Token.Punctuation -> ':'
Token.Text.Whitespace -> '<br>'
Token.Text -> '&nbsp;&nbsp;&nbsp;&nbsp;&nbsp;&nbsp;&nbsp;&nbsp;&nbsp;&nbsp;&nbsp;&nbsp;'
Token.Name.Builtin.Pseudo -> 'self'
Token.Operator -> '.'
Token.Name -> 'box'
Token.Text -> ' '
Token.Operator -> '='
Token.Text -> ' '
Token.Name -> 'RLabel'
Token.Punctuation -> '('
Token.Punctuation -> ')'
Token.Text -> ' '
Token.Text.Whitespace -> '<br>'
Token.Text -> '&nbsp;&nbsp;&nbsp;&nbsp;&nbsp;&nbsp;&nbsp;&nbsp;&nbsp;&nbsp;&nbsp;&nbsp;'
Token.Comment.Single -> '#...'
Token.Text.Whitespace -> '<br>'
Token.Comment.Single -> '# predefinedRBody.py'
Token.Text.Whitespace -> '<br>'
Token.Keyword.Namespace -> 'from'
Token.Text -> ' '
Token.Name.Namespace -> 'RTS_WebUIBuilder'
Token.Text -> ' '
Token.Keyword.Namespace -> 'import'
Token.Text -> ' '
Token.Name -> 'RBody'
Token.Text -> ' '
Token.Punctuation -> ','
Token.Text -> ' '
Token.Name -> 'RLabel'
Token.Text.Whitespace -> '<br>'
Token.Text.Whitespace -> '<br>'
Token.Keyword -> 'class'
Token.Text -> ' '
Token.Name.Class -> 'predefinedRBody'
Token.Punctuation -> '('
Token.Name -> 'RBody'
Token.Punctuation -> ')'
Token.Punctuation -> ':'
Token.Text.Whitespace -> '<br>'
Token.Text -> '&nbsp;&nbsp;&nbsp;&nbsp;&nbsp;&nbsp;'
Token.Keyword -> 'def'
Token.Text -> ' '
Token.Name.Function.Magic -> '__init__'
Token.Punctuation -> '('
Token.Name.Builtin.Pseudo -> 'self'
Token.Punctuation -> ')'
Token.Punctuation -> ':'
Token.Text.Whitespace -> '<br>'
Token.Text -> '&nbsp;&nbsp;&nbsp;&nbsp;&nbsp;&nbsp;&nbsp;&nbsp;&nbsp;&nbsp;&nbsp;&nbsp;'
Token.Name.Builtin.Pseudo -> 'self'
Token.Operator -> '.'
Token.Name -> 'box'
Token.Text -> ' '
Token.Operator -> '='
Token.Text -> ' '
Token.Name -> 'RLabel'
Token.Punctuation -> '('
Token.Punctuation -> ')'
Token.Text -> ' '
Token.Text.Whitespace -> '<br>'
Token.Text -> '&nbsp;&nbsp;&nbsp;&nbsp;&nbsp;&nbsp;&nbsp;&nbsp;&nbsp;&nbsp;&nbsp;&nbsp;'
Token.Comment.Single -> '#...'
Token.Text.Whitespace -> '<br>'
Token.Comment.Single -> '# predefinedRBody.py'
Token.Text.Whitespace -> '<br>'
Token.Keyword.Namespace -> 'from'
Token.Text -> ' '
Token.Name.Namespace -> 'RTS_WebUIBuilder'
Token.Text -> ' '
Token.Keyword.Namespace -> 'import'
Token.Text -> ' '
Token.Name -> 'RBody'
Token.Text -> ' '
Token.Punctuation -> ','
Token.Text -> ' '
Token.Name -> 'RLabel'
Token.Text.Whitespace -> '<br>'
Token.Text.Whitespace -> '<br>'
Token.Keyword -> 'class'
Token.Text -> ' '
Token.Name.Class -> 'predefinedRBody'
Token.Punctuation -> '('
Token.Name -> 'RBody'
Token.Punctuation -> ')'
Token.Punctuation -> ':'
Token.Text.Whitespace -> '<br>'
Token.Text -> '&nbsp;&nbsp;&nbsp;&nbsp;&nbsp;&nbsp;'
Token.Keyword -> 'def'
Token.Text -> ' '
Token.Name.Function.Magic -> '__init__'
Token.Punctuation -> '('
Token.Name.Builtin.Pseudo -> 'self'
Token.Punctuation -> ')'
Token.Punctuation -> ':'
Token.Text.Whitespace -> '<br>'
Token.Text -> '&nbsp;&nbsp;&nbsp;&nbsp;&nbsp;&nbsp;&nbsp;&nbsp;&nbsp;&nbsp;&nbsp;&nbsp;'
Token.Name.Builtin.Pseudo -> 'self'
Token.Operator -> '.'
Token.Name -> 'box'
Token.Text -> ' '
Token.Operator -> '='
Token.Text -> ' '
Token.Name -> 'RLabel'
Token.Punctuation -> '('
Token.Punctuation -> ')'
Token.Text -> ' '
Token.Text.Whitespace -> '<br>'
Token.Text -> '&nbsp;&nbsp;&nbsp;&nbsp;&nbsp;&nbsp;&nbsp;&nbsp;&nbsp;&nbsp;&nbsp;&nbsp;'
Token.Comment.Single -> '#...'
Token.Text.Whitespace -> '<br>'
Token.Comment.Single -> '# predefinedRBody.py'
Token.Text.Whitespace -> '<br>'
Token.Keyword.Namespace -> 'from'
Token.Text -> ' '
Token.Name.Namespace -> 'RTS_WebUIBuilder'
Token.Text -> ' '
Token.Keyword.Namespace -> 'import'
Token.Text -> ' '
Token.Name -> 'RBody'
Token.Text -> ' '
Token.Punctuation -> ','
Token.Text -> ' '
Token.Name -> 'RLabel'
Token.Text.Whitespace -> '<br>'
Token.Text.Whitespace -> '<br>'
Token.Keyword -> 'class'
Token.Text -> ' '
Token.Name.Class -> 'predefinedRBody'
Token.Punctuation -> '('
Token.Name -> 'RBody'
Token.Punctuation -> ')'
Token.Punctuation -> ':'
Token.Text.Whitespace -> '<br>'
Token.Text -> '&nbsp;&nbsp;&nbsp;&nbsp;&nbsp;&nbsp;'
Token.Keyword -> 'def'
Token.Text -> ' '
Token.Name.Function.Magic -> '__init__'
Token.Punctuation -> '('
Token.Name.Builtin.Pseudo -> 'self'
Token.Punctuation -> ')'
Token.Punctuation -> ':'
Token.Text.Whitespace -> '<br>'
Token.Text -> '&nbsp;&nbsp;&nbsp;&nbsp;&nbsp;&nbsp;&nbsp;&nbsp;&nbsp;&nbsp;&nbsp;&nbsp;'
Token.Name.Builtin.Pseudo -> 'self'
Token.Operator -> '.'
Token.Name -> 'box'
Token.Text -> ' '
Token.Operator -> '='
Token.Text -> ' '
Token.Name -> 'RLabel'
Token.Punctuation -> '('
Token.Punctuation -> ')'
Token.Text -> ' '
Token.Text.Whitespace -> '<br>'
Token.Text -> '&nbsp;&nbsp;&nbsp;&nbsp;&nbsp;&nbsp;&nbsp;&nbsp;&nbsp;&nbsp;&nbsp;&nbsp;'
Token.Comment.Single -> '#...'
Token.Text.Whitespace -> '<br>'
Token.Comment.Single -> '# predefinedRBody.py'
Token.Text.Whitespace -> '<br>'
Token.Keyword.Namespace -> 'from'
Token.Text -> ' '
Token.Name.Namespace -> 'RTS_WebUIBuilder'
Token.Text -> ' '
Token.Keyword.Namespace -> 'import'
Token.Text -> ' '
Token.Name -> 'RBody'
Token.Text -> ' '
Token.Punctuation -> ','
Token.Text -> ' '
Token.Name -> 'RLabel'
Token.Text.Whitespace -> '<br>'
Token.Text.Whitespace -> '<br>'
Token.Keyword -> 'class'
Token.Text -> ' '
Token.Name.Class -> 'predefinedRBody'
Token.Punctuation -> '('
Token.Name -> 'RBody'
Token.Punctuation -> ')'
Token.Punctuation -> ':'
Token.Text.Whitespace -> '<br>'
Token.Text -> '&nbsp;&nbsp;&nbsp;&nbsp;&nbsp;&nbsp;'
Token.Keyword -> 'def'
Token.Text -> ' '
Token.Name.Function.Magic -> '__init__'
Token.Punctuation -> '('
Token.Name.Builtin.Pseudo -> 'self'
Token.Punctuation -> ')'
Token.Punctuation -> ':'
Token.Text.Whitespace -> '<br>'
Token.Text -> '&nbsp;&nbsp;&nbsp;&nbsp;&nbsp;&nbsp;&nbsp;&nbsp;&nbsp;&nbsp;&nbsp;&nbsp;'
Token.Name.Builtin.Pseudo -> 'self'
Token.Operator -> '.'
Token.Name -> 'box'
Token.Text -> ' '
Token.Operator -> '='
Token.Text -> ' '
Token.Name -> 'RLabel'
Token.Punctuation -> '('
Token.Punctuation -> ')'
Token.Text -> ' '
Token.Text.Whitespace -> '<br>'
Token.Text -> '&nbsp;&nbsp;&nbsp;&nbsp;&nbsp;&nbsp;&nbsp;&nbsp;&nbsp;&nbsp;&nbsp;&nbsp;'
Token.Comment.Single -> '#...'
Token.Text.Whitespace -> '<br>'
Token.Comment.Single -> '# predefinedRBody.py'
Token.Text.Whitespace -> '<br>'
Token.Keyword.Namespace -> 'from'
Token.Text -> ' '
Token.Name.Namespace -> 'RTS_WebUIBuilder'
Token.Text -> ' '
Token.Keyword.Namespace -> 'import'
Token.Text -> ' '
Token.Name -> 'RBody'
Token.Text -> ' '
Token.Punctuation -> ','
Token.Text -> ' '
Token.Name -> 'RLabel'
Token.Text.Whitespace -> '<br>'
Token.Text.Whitespace -> '<br>'
Token.Keyword -> 'class'
Token.Text -> ' '
Token.Name.Class -> 'predefinedRBody'
Token.Punctuation -> '('
Token.Name -> 'RBody'
Token.Punctuation -> ')'
Token.Punctuation -> ':'
Token.Text.Whitespace -> '<br>'
Token.Text -> '&nbsp;&nbsp;&nbsp;&nbsp;&nbsp;&nbsp;'
Token.Keyword -> 'def'
Token.Text -> ' '
Token.Name.Function.Magic -> '__init__'
Token.Punctuation -> '('
Token.Name.Builtin.Pseudo -> 'self'
Token.Punctuation -> ')'
Token.Punctuation -> ':'
Token.Text.Whitespace -> '<br>'
Token.Text -> '&nbsp;&nbsp;&nbsp;&nbsp;&nbsp;&nbsp;&nbsp;&nbsp;&nbsp;&nbsp;&nbsp;&nbsp;'
Token.Name.Builtin.Pseudo -> 'self'
Token.Operator -> '.'
Token.Name -> 'lable'
Token.Text -> ' '
Token.Operator -> '='
Token.Text -> ' '
Token.Name -> 'RLabel'
Token.Punctuation -> '('
Token.Punctuation -> ')'
Token.Text -> ' '
Token.Text.Whitespace -> '<br>'
Token.Text -> '&nbsp;&nbsp;&nbsp;&nbsp;&nbsp;&nbsp;&nbsp;&nbsp;&nbsp;&nbsp;&nbsp;&nbsp;'
Token.Comment.Single -> '#...'
Token.Text.Whitespace -> '<br>'
